[ +625 ms] Artifact Instance of 'MaterialFonts' is not required, skipping update.
[        ] Artifact Instance of 'GradleWrapper' is not required, skipping update.
[        ] Artifact Instance of 'AndroidGenSnapshotArtifacts' is not required, skipping update.
[        ] Artifact Instance of 'AndroidInternalBuildArtifacts' is not required, skipping update.
[        ] Artifact Instance of 'IOSEngineArtifacts' is not required, skipping update.
[        ] Artifact Instance of 'FlutterWebSdk' is not required, skipping update.
[        ] Artifact Instance of 'LegacyCanvasKitRemover' is not required, skipping update.
[        ] Artifact Instance of 'FlutterSdk' is not required, skipping update.
[        ] Artifact Instance of 'WindowsEngineArtifacts' is not required, skipping update.
[        ] Artifact Instance of 'MacOSEngineArtifacts' is not required, skipping update.
[        ] Artifact Instance of 'LinuxEngineArtifacts' is not required, skipping update.
[        ] Artifact Instance of 'LinuxFuchsiaSDKArtifacts' is not required, skipping update.
[        ] Artifact Instance of 'MacOSFuchsiaSDKArtifacts' is not required, skipping update.
[        ] Artifact Instance of 'FlutterRunnerSDKArtifacts' is not required, skipping update.
[        ] Artifact Instance of 'FlutterRunnerDebugSymbols' is not required, skipping update.
[        ] Artifact Instance of 'IosUsbArtifacts' is not required, skipping update.
[        ] Artifact Instance of 'IosUsbArtifacts' is not required, skipping update.
[        ] Artifact Instance of 'IosUsbArtifacts' is not required, skipping update.
[        ] Artifact Instance of 'IosUsbArtifacts' is not required, skipping update.
[        ] Artifact Instance of 'IosUsbArtifacts' is not required, skipping update.
[        ] Artifact Instance of 'IosUsbArtifacts' is not required, skipping update.
[        ] Artifact Instance of 'FontSubsetArtifacts' is not required, skipping update.
[        ] Artifact Instance of 'PubDependencies' is not required, skipping update.
[   +1 ms] executing: [C:\flutter/] git -c log.showSignature=false log HEAD -n 1 --pretty=format:%ad --date=iso
[  +83 ms] Exit code 0 from: git -c log.showSignature=false log HEAD -n 1 --pretty=format:%ad --date=iso
[        ] 2026-03-03 16:03:22 -0800
[  +12 ms] Artifact Instance of 'AndroidGenSnapshotArtifacts' is not required, skipping update.
[        ] Artifact Instance of 'AndroidInternalBuildArtifacts' is not required, skipping update.
[        ] Artifact Instance of 'IOSEngineArtifacts' is not required, skipping update.
[        ] Artifact Instance of 'FlutterWebSdk' is not required, skipping update.
[        ] Artifact Instance of 'FlutterEngineStamp' is not required, skipping update.
[        ] Artifact Instance of 'LegacyCanvasKitRemover' is not required, skipping update.
[   +5 ms] Artifact Instance of 'WindowsEngineArtifacts' is not required, skipping update.
[        ] Artifact Instance of 'MacOSEngineArtifacts' is not required, skipping update.
[        ] Artifact Instance of 'LinuxEngineArtifacts' is not required, skipping update.
[        ] Artifact Instance of 'LinuxFuchsiaSDKArtifacts' is not required, skipping update.
[        ] Artifact Instance of 'MacOSFuchsiaSDKArtifacts' is not required, skipping update.
[        ] Artifact Instance of 'FlutterRunnerSDKArtifacts' is not required, skipping update.
[        ] Artifact Instance of 'FlutterRunnerDebugSymbols' is not required, skipping update.
[  +80 ms] Artifact Instance of 'MaterialFonts' is not required, skipping update.
[        ] Artifact Instance of 'GradleWrapper' is not required, skipping update.
[   +5 ms] Artifact Instance of 'AndroidInternalBuildArtifacts' is not required, skipping update.
[        ] Artifact Instance of 'IOSEngineArtifacts' is not required, skipping update.
[        ] Artifact Instance of 'FlutterWebSdk' is not required, skipping update.
[        ] Artifact Instance of 'FlutterEngineStamp' is not required, skipping update.
[        ] Artifact Instance of 'LegacyCanvasKitRemover' is not required, skipping update.
[        ] Artifact Instance of 'FlutterSdk' is not required, skipping update.
[        ] Artifact Instance of 'WindowsEngineArtifacts' is not required, skipping update.
[        ] Artifact Instance of 'MacOSEngineArtifacts' is not required, skipping update.
[        ] Artifact Instance of 'LinuxEngineArtifacts' is not required, skipping update.
[        ] Artifact Instance of 'LinuxFuchsiaSDKArtifacts' is not required, skipping update.
[        ] Artifact Instance of 'MacOSFuchsiaSDKArtifacts' is not required, skipping update.
[        ] Artifact Instance of 'FlutterRunnerSDKArtifacts' is not required, skipping update.
[        ] Artifact Instance of 'FlutterRunnerDebugSymbols' is not required, skipping update.
[        ] Artifact Instance of 'IosUsbArtifacts' is not required, skipping update.
[        ] Artifact Instance of 'IosUsbArtifacts' is not required, skipping update.
[        ] Artifact Instance of 'IosUsbArtifacts' is not required, skipping update.
[        ] Artifact Instance of 'IosUsbArtifacts' is not required, skipping update.
[        ] Artifact Instance of 'IosUsbArtifacts' is not required, skipping update.
[        ] Artifact Instance of 'IosUsbArtifacts' is not required, skipping update.
[        ] Artifact Instance of 'FontSubsetArtifacts' is not required, skipping update.
[        ] Artifact Instance of 'PubDependencies' is not required, skipping update.
[  +45 ms] Skipping pub get: version match.
[ +106 ms] Found plugin path_provider at C:\Users\manus\AppData\Local\Pub\Cache\hosted\pub.dev\path_provider-2.1.5\
[   +6 ms] Found plugin path_provider_windows at C:\Users\manus\AppData\Local\Pub\Cache\hosted\pub.dev\path_provider_windows-2.3.0\
[  +11 ms] Found plugin path_provider_linux at C:\Users\manus\AppData\Local\Pub\Cache\hosted\pub.dev\path_provider_linux-2.2.1\
[   +4 ms] Found plugin path_provider_foundation at C:\Users\manus\AppData\Local\Pub\Cache\hosted\pub.dev\path_provider_foundation-2.4.1\
[   +3 ms] Found plugin path_provider_android at C:\Users\manus\AppData\Local\Pub\Cache\hosted\pub.dev\path_provider_android-2.2.17\
[  +11 ms] Found plugin firebase_core at C:\Users\manus\AppData\Local\Pub\Cache\hosted\pub.dev\firebase_core-3.15.0\
[   +4 ms] Found plugin firebase_core_web at C:\Users\manus\AppData\Local\Pub\Cache\hosted\pub.dev\firebase_core_web-2.24.0\
[   +8 ms] Found plugin firebase_auth at C:\Users\manus\AppData\Local\Pub\Cache\hosted\pub.dev\firebase_auth-5.6.0\
[   +5 ms] Found plugin firebase_auth_web at C:\Users\manus\AppData\Local\Pub\Cache\hosted\pub.dev\firebase_auth_web-5.15.0\
[   +8 ms] Found plugin cloud_firestore at C:\Users\manus\AppData\Local\Pub\Cache\hosted\pub.dev\cloud_firestore-5.6.10\
[   +4 ms] Found plugin cloud_firestore_web at C:\Users\manus\AppData\Local\Pub\Cache\hosted\pub.dev\cloud_firestore_web-4.4.10\
[  +60 ms] Found plugin path_provider at C:\Users\manus\AppData\Local\Pub\Cache\hosted\pub.dev\path_provider-2.1.5\
[   +1 ms] Found plugin path_provider_windows at C:\Users\manus\AppData\Local\Pub\Cache\hosted\pub.dev\path_provider_windows-2.3.0\
[   +4 ms] Found plugin path_provider_linux at C:\Users\manus\AppData\Local\Pub\Cache\hosted\pub.dev\path_provider_linux-2.2.1\
[   +2 ms] Found plugin path_provider_foundation at C:\Users\manus\AppData\Local\Pub\Cache\hosted\pub.dev\path_provider_foundation-2.4.1\
[   +1 ms] Found plugin path_provider_android at C:\Users\manus\AppData\Local\Pub\Cache\hosted\pub.dev\path_provider_android-2.2.17\
[   +4 ms] Found plugin firebase_core at C:\Users\manus\AppData\Local\Pub\Cache\hosted\pub.dev\firebase_core-3.15.0\
[   +1 ms] Found plugin firebase_core_web at C:\Users\manus\AppData\Local\Pub\Cache\hosted\pub.dev\firebase_core_web-2.24.0\
[   +2 ms] Found plugin firebase_auth at C:\Users\manus\AppData\Local\Pub\Cache\hosted\pub.dev\firebase_auth-5.6.0\
[   +1 ms] Found plugin firebase_auth_web at C:\Users\manus\AppData\Local\Pub\Cache\hosted\pub.dev\firebase_auth_web-5.15.0\
[   +3 ms] Found plugin cloud_firestore at C:\Users\manus\AppData\Local\Pub\Cache\hosted\pub.dev\cloud_firestore-5.6.10\
[   +1 ms] Found plugin cloud_firestore_web at C:\Users\manus\AppData\Local\Pub\Cache\hosted\pub.dev\cloud_firestore_web-4.4.10\
[  +10 ms] Skipping generating web_plugin_registrant.dart because it is up-to-date.
[  +40 ms] Found plugin path_provider at C:\Users\manus\AppData\Local\Pub\Cache\hosted\pub.dev\path_provider-2.1.5\
[   +1 ms] Found plugin path_provider_windows at C:\Users\manus\AppData\Local\Pub\Cache\hosted\pub.dev\path_provider_windows-2.3.0\
[   +2 ms] Found plugin path_provider_linux at C:\Users\manus\AppData\Local\Pub\Cache\hosted\pub.dev\path_provider_linux-2.2.1\
[   +3 ms] Found plugin path_provider_foundation at C:\Users\manus\AppData\Local\Pub\Cache\hosted\pub.dev\path_provider_foundation-2.4.1\
[   +1 ms] Found plugin path_provider_android at C:\Users\manus\AppData\Local\Pub\Cache\hosted\pub.dev\path_provider_android-2.2.17\
[   +3 ms] Found plugin firebase_core at C:\Users\manus\AppData\Local\Pub\Cache\hosted\pub.dev\firebase_core-3.15.0\
[   +1 ms] Found plugin firebase_core_web at C:\Users\manus\AppData\Local\Pub\Cache\hosted\pub.dev\firebase_core_web-2.24.0\
[   +3 ms] Found plugin firebase_auth at C:\Users\manus\AppData\Local\Pub\Cache\hosted\pub.dev\firebase_auth-5.6.0\
[   +1 ms] Found plugin firebase_auth_web at C:\Users\manus\AppData\Local\Pub\Cache\hosted\pub.dev\firebase_auth_web-5.15.0\
[   +3 ms] Found plugin cloud_firestore at C:\Users\manus\AppData\Local\Pub\Cache\hosted\pub.dev\cloud_firestore-5.6.10\
[        ] Found plugin cloud_firestore_web at C:\Users\manus\AppData\Local\Pub\Cache\hosted\pub.dev\cloud_firestore_web-4.4.10\
[   +5 ms] Generating C:\Users\manus\OneDrive\Documents\Codes\Projects\Chatapp\chatterUP\android\app\src\main\java\io\flutter\plugins\GeneratedPluginRegistrant.java
[   +1 ms] Skipping generating GeneratedPluginRegistrant.java because it is up-to-date.
[   +3 ms] Skipping generating generated_plugin_registrant.h because it is up-to-date.
[   +1 ms] Skipping generating generated_plugin_registrant.cc because it is up-to-date.
[   +1 ms] Skipping generating generated_plugins.cmake because it is up-to-date.
[   +3 ms] Skipping generating generated_plugin_registrant.h because it is up-to-date.
[   +1 ms] Skipping generating generated_plugin_registrant.cc because it is up-to-date.
[   +1 ms] Skipping generating generated_plugins.cmake because it is up-to-date.
[   +1 ms] Skipping generating GeneratedPluginRegistrant.h because it is up-to-date.
[   +2 ms] Skipping generating GeneratedPluginRegistrant.m because it is up-to-date.
[   +2 ms] Skipping generating GeneratedPluginRegistrant.swift because it is up-to-date.
[ +130 ms] executing: C:\Program Files\Android\Android Studio\jbr\bin\java -version
[ +121 ms] Exit code 0 from: C:\Program Files\Android\Android Studio\jbr\bin\java -version
[        ] openjdk version "21.0.8" 2025-07-15
           OpenJDK Runtime Environment (build 21.0.8+-14196175-b1038.72)
           OpenJDK 64-Bit Server VM (build 21.0.8+-14196175-b1038.72, mixed mode)
[   +7 ms] Top-level Gradle build file not found, skipping migration of task "clean".
[   +2 ms] executing: C:\Program Files\Android\Android Studio\jbr\bin\java --version
[  +91 ms] Exit code 0 from: C:\Program Files\Android\Android Studio\jbr\bin\java --version
[        ] openjdk 21.0.8 2025-07-15
           OpenJDK Runtime Environment (build 21.0.8+-14196175-b1038.72)
           OpenJDK 64-Bit Server VM (build 21.0.8+-14196175-b1038.72, mixed mode)
[   +1 ms] Version of Java is different than impacted version, no migration attempted.
[  +15 ms] CMake project not found, skipping support Android 15 16k page size migration.
[   +5 ms] Using gradle from C:\Users\manus\OneDrive\Documents\Codes\Projects\Chatapp\chatterUP\android\gradlew.bat.
[   +8 ms] LocalFile: 'C:\Users\manus\OneDrive\Documents\Codes\Projects\Chatapp\chatterUP\android\build.gradle.kts' doesn't provide an AGP version. Checking settings.
[   +1 ms] LocalFile: 'C:\Users\manus\OneDrive\Documents\Codes\Projects\Chatapp\chatterUP\android\settings.gradle.kts' provides AGP version: 8.7.3
[  +16 ms] Running Gradle task 'assembleRelease'...
[        ] executing: [C:\Users\manus\OneDrive\Documents\Codes\Projects\Chatapp\chatterUP\android/] C:\Users\manus\OneDrive\Documents\Codes\Projects\Chatapp\chatterUP\android\gradlew.bat --full-stacktrace --info -Pverbose=true -Ptarget-platform=android-arm,android-arm64,android-x64 -Ptarget=lib\main.dart -Pbase-application-name=android.app.Application -Pdart-defines=RkxVVFRFUl9WRVJTSU9OPTMuNDEuNA==,RkxVVFRFUl9DSEFOTkVMPXN0YWJsZQ==,RkxVVFRFUl9HSVRfVVJMPWh0dHBzOi8vZ2l0aHViLmNvbS9mbHV0dGVyL2ZsdXR0ZXIuZ2l0,RkxVVFRFUl9GUkFNRVdPUktfUkVWSVNJT049ZmYzN2JlZjYwMw==,RkxVVFRFUl9FTkdJTkVfUkVWSVNJT049ZTRiOGRjYTNmMQ==,RkxVVFRFUl9EQVJUX1ZFUlNJT049My4xMS4x -Pdart-obfuscation=false -Ptrack-widget-creation=true -Ptree-shake-icons=true assembleRelease
[+1246 ms] Initialized native services in: C:\Users\manus\.gradle\native
[        ] Initialized jansi services in: C:\Users\manus\.gradle\native
[ +906 ms] The client will now receive all logging from the daemon (pid: 31328). The daemon log file: C:\Users\manus\.gradle\daemon\8.12\daemon-31328.out.log
[   +1 ms] Starting 4th build in daemon [uptime: 12 mins 39.666 secs, performance: 99%, GC rate: 0.00/s, heap usage: 0% of 8 GiB, non-heap usage: 6% of 4 GiB]
[  +98 ms] Using 16 worker leases.
[ +701 ms] Now considering [C:\Users\manus\OneDrive\Documents\Codes\Projects\Chatapp\chatterUP\android, C:\flutter\packages\flutter_tools\gradle] as hierarchies to watch
[  +98 ms] Watching the file system is configured to be enabled if available
[ +100 ms] File system watching is active
[ +101 ms] Starting Build
[ +696 ms] Now considering [C:\flutter\packages\flutter_tools\gradle, C:\Users\manus\OneDrive\Documents\Codes\Projects\Chatapp\chatterUP\android] as hierarchies to watch
[+2202 ms] > Configure project :gradle
[        ] Evaluating project ':gradle' using build file 'C:\flutter\packages\flutter_tools\gradle\build.gradle.kts'.
[        ] Resolved plugin [id: 'org.gradle.java-gradle-plugin']
[        ] Resolved plugin [id: 'org.gradle.groovy']
[        ] Resolved plugin [id: 'org.gradle.kotlin.kotlin-dsl', version: '5.1.2']
[        ] Resolved plugin [id: 'org.jetbrains.kotlin.jvm', version: '1.9.20']
[        ] Using Kotlin Gradle Plugin gradle85 variant
[        ] kotlin scripting plugin: created the scripting discovery configuration: kotlinScriptDef
[        ] kotlin scripting plugin: created the scripting discovery configuration: testKotlinScriptDef
[        ] file or directory 'C:\flutter\packages\flutter_tools\gradle\src\main\java', not found
[  +95 ms] Resolved plugin [id: 'dev.flutter.flutter-plugin-loader', version: '1.0.0']
[        ] Resolved plugin [id: 'com.android.application', version: '8.7.3', apply: false]
[        ] Resolved plugin [id: 'com.google.gms.google-services', version: '4.3.15', apply: false]
[        ] Resolved plugin [id: 'org.jetbrains.kotlin.android', version: '2.1.0', apply: false]
[ +200 ms] Resolve mutations for :gradle:checkKotlinGradlePluginConfigurationErrors (Thread[#954,Execution worker,5,main]) started.
[  +97 ms] :gradle:checkKotlinGradlePluginConfigurationErrors (Thread[#954,Execution worker,5,main]) started.
[        ] > Task :gradle:checkKotlinGradlePluginConfigurationErrors SKIPPED
[        ] Skipping task ':gradle:checkKotlinGradlePluginConfigurationErrors' as task onlyIf 'errorDiagnostics are present' is false.
[        ] Resolve mutations for :gradle:compileKotlin (Thread[#954,Execution worker,5,main]) started.
[        ] :gradle:compileKotlin (Thread[#954,Execution worker,5,main]) started.
[ +306 ms] > Task :gradle:compileKotlin UP-TO-DATE
[        ] Caching disabled for task ':gradle:compileKotlin' because:
[        ]   Build cache is disabled
[   +1 ms] Skipping task ':gradle:compileKotlin' as it is up-to-date.
[  +88 ms] Resolve mutations for :gradle:compileJava (Thread[#954,Execution worker,5,main]) started.
[        ] :gradle:compileJava (Thread[#954,Execution worker,5,main]) started.
[   +1 ms] > Task :gradle:compileJava NO-SOURCE
[        ] Skipping task ':gradle:compileJava' as it has no source files and no previous output files.
[        ] Resolve mutations for :gradle:compileGroovy (Thread[#954,Execution worker,5,main]) started.
[        ] :gradle:compileGroovy (Thread[#954,Execution worker,5,main]) started.
[        ] > Task :gradle:compileGroovy NO-SOURCE
[        ] Skipping task ':gradle:compileGroovy' as it has no source files and no previous output files.
[        ] Resolve mutations for :gradle:pluginDescriptors (Thread[#958,Execution worker Thread 5,5,main]) started.
[        ] :gradle:pluginDescriptors (Thread[#958,Execution worker Thread 5,5,main]) started.
[        ] > Task :gradle:pluginDescriptors UP-TO-DATE
[        ] Caching disabled for task ':gradle:pluginDescriptors' because:
[        ]   Build cache is disabled
[        ]   Not worth caching
[        ] Skipping task ':gradle:pluginDescriptors' as it is up-to-date.
[        ] Resolve mutations for :gradle:processResources (Thread[#958,Execution worker Thread 5,5,main]) started.
[   +2 ms] :gradle:processResources (Thread[#958,Execution worker Thread 5,5,main]) started.
[        ] > Task :gradle:processResources UP-TO-DATE
[        ] Caching disabled for task ':gradle:processResources' because:
[        ]   Build cache is disabled
[        ]   Not worth caching
[        ] Skipping task ':gradle:processResources' as it is up-to-date.
[        ] Resolve mutations for :gradle:classes (Thread[#958,Execution worker Thread 5,5,main]) started.
[        ] :gradle:classes (Thread[#958,Execution worker Thread 5,5,main]) started.
[        ] > Task :gradle:classes UP-TO-DATE
[        ] Skipping task ':gradle:classes' as it has no actions.
[        ] Resolve mutations for :gradle:jar (Thread[#958,Execution worker Thread 5,5,main]) started.
[        ] :gradle:jar (Thread[#958,Execution worker Thread 5,5,main]) started.
[        ] > Task :gradle:jar UP-TO-DATE
[        ] Caching disabled for task ':gradle:jar' because:
[        ]   Build cache is disabled
[        ]   Not worth caching
[        ] Skipping task ':gradle:jar' as it is up-to-date.
[+1085 ms] Settings evaluated using settings file 'C:\Users\manus\OneDrive\Documents\Codes\Projects\Chatapp\chatterUP\android\settings.gradle.kts'.
[   +1 ms] Projects loaded. Root project using build file 'C:\Users\manus\OneDrive\Documents\Codes\Projects\Chatapp\chatterUP\android\build.gradle.kts'.
[   +2 ms] Included projects: [root project 'android', project ':app', project ':cloud_firestore', project ':firebase_auth', project ':firebase_core', project ':path_provider_android']
[+1997 ms] > Configure project :
[        ] Evaluating root project 'android' using build file 'C:\Users\manus\OneDrive\Documents\Codes\Projects\Chatapp\chatterUP\android\build.gradle.kts'.
[ +598 ms] > Configure project :app
[        ] Evaluating project ':app' using build file 'C:\Users\manus\OneDrive\Documents\Codes\Projects\Chatapp\chatterUP\android\app\build.gradle.kts'.
[        ] Resolved plugin [id: 'com.android.application']
[        ] Resolved plugin [id: 'com.google.gms.google-services']
[        ] Resolved plugin [id: 'kotlin-android']
[        ] Resolved plugin [id: 'dev.flutter.flutter-gradle-plugin']
[        ] Using default execution profile
[        ] Using Kotlin Gradle Plugin gradle85 variant
[        ] C/C++: android.ndkVersion from module build.gradle is [27.0.12077973]
[        ] C/C++: android.ndkPath from module build.gradle is not set
[   +1 ms] C/C++: ndk.dir in local.properties is not set
[   +1 ms] C/C++: Not considering ANDROID_NDK_HOME because support was removed after deprecation period.
[   +1 ms] C/C++: sdkFolder is C:\Users\manus\AppData\Local\Android\sdk
[   +2 ms] C/C++: android.ndkVersion from module build.gradle is [27.0.12077973]
[   +1 ms] C/C++: android.ndkPath from module build.gradle is not set
[   +1 ms] C/C++: ndk.dir in local.properties is not set
[        ] C/C++: Not considering ANDROID_NDK_HOME because support was removed after deprecation period.
[        ] C/C++: sdkFolder is C:\Users\manus\AppData\Local\Android\sdk
[        ] C/C++: android.ndkVersion from module build.gradle is [27.0.12077973]
[        ] C/C++: android.ndkPath from module build.gradle is not set
[        ] C/C++: ndk.dir in local.properties is not set
[   +1 ms] C/C++: Not considering ANDROID_NDK_HOME because support was removed after deprecation period.
[        ] C/C++: sdkFolder is C:\Users\manus\AppData\Local\Android\sdk
[   +1 ms] C/C++: android.ndkVersion from module build.gradle is [27.0.12077973]
[        ] C/C++: android.ndkPath from module build.gradle is not set
[        ] C/C++: ndk.dir in local.properties is not set
[        ] C/C++: Not considering ANDROID_NDK_HOME because support was removed after deprecation period.
[        ] C/C++: sdkFolder is C:\Users\manus\AppData\Local\Android\sdk
[        ] C/C++: android.ndkVersion from module build.gradle is [27.0.12077973]
[        ] C/C++: android.ndkPath from module build.gradle is not set
[        ] C/C++: ndk.dir in local.properties is not set
[        ] C/C++: Not considering ANDROID_NDK_HOME because support was removed after deprecation period.
[   +1 ms] C/C++: sdkFolder is C:\Users\manus\AppData\Local\Android\sdk
[   +1 ms] C/C++: android.ndkVersion from module build.gradle is [27.0.12077973]
[   +2 ms] C/C++: android.ndkPath from module build.gradle is not set
[        ] C/C++: ndk.dir in local.properties is not set
[        ] C/C++: Not considering ANDROID_NDK_HOME because support was removed after deprecation period.
[        ] C/C++: sdkFolder is C:\Users\manus\AppData\Local\Android\sdk
[        ] C/C++: android.ndkVersion from module build.gradle is [27.0.12077973]
[        ] C/C++: android.ndkPath from module build.gradle is not set
[        ] C/C++: ndk.dir in local.properties is not set
[        ] C/C++: Not considering ANDROID_NDK_HOME because support was removed after deprecation period.
[        ] C/C++: sdkFolder is C:\Users\manus\AppData\Local\Android\sdk
[        ] C/C++: android.ndkVersion from module build.gradle is [27.0.12077973]
[        ] C/C++: android.ndkPath from module build.gradle is not set
[   +1 ms] C/C++: ndk.dir in local.properties is not set
[        ] C/C++: Not considering ANDROID_NDK_HOME because support was removed after deprecation period.
[        ] C/C++: sdkFolder is C:\Users\manus\AppData\Local\Android\sdk
[        ] C/C++: android.ndkVersion from module build.gradle is [27.0.12077973]
[        ] C/C++: android.ndkPath from module build.gradle is not set
[        ] C/C++: ndk.dir in local.properties is not set
[        ] C/C++: Not considering ANDROID_NDK_HOME because support was removed after deprecation period.
[        ] C/C++: sdkFolder is C:\Users\manus\AppData\Local\Android\sdk
[        ] C/C++: android.ndkVersion from module build.gradle is [27.0.12077973]
[        ] C/C++: android.ndkPath from module build.gradle is not set
[        ] C/C++: ndk.dir in local.properties is not set
[        ] C/C++: Not considering ANDROID_NDK_HOME because support was removed after deprecation period.
[        ] C/C++: sdkFolder is C:\Users\manus\AppData\Local\Android\sdk
[        ] C/C++: android.ndkVersion from module build.gradle is [27.0.12077973]
[        ] C/C++: android.ndkPath from module build.gradle is not set
[        ] C/C++: ndk.dir in local.properties is not set
[        ] C/C++: Not considering ANDROID_NDK_HOME because support was removed after deprecation period.
[        ] C/C++: sdkFolder is C:\Users\manus\AppData\Local\Android\sdk
[        ] C/C++: android.ndkVersion from module build.gradle is [27.0.12077973]
[        ] C/C++: android.ndkPath from module build.gradle is not set
[        ] C/C++: ndk.dir in local.properties is not set
[        ] C/C++: Not considering ANDROID_NDK_HOME because support was removed after deprecation period.
[        ] C/C++: sdkFolder is C:\Users\manus\AppData\Local\Android\sdk
[        ] C/C++: android.ndkVersion from module build.gradle is [27.0.12077973]
[        ] C/C++: android.ndkPath from module build.gradle is not set
[        ] C/C++: ndk.dir in local.properties is not set
[        ] C/C++: Not considering ANDROID_NDK_HOME because support was removed after deprecation period.
[        ] C/C++: sdkFolder is C:\Users\manus\AppData\Local\Android\sdk
[        ] C/C++: android.ndkVersion from module build.gradle is [27.0.12077973]
[        ] C/C++: android.ndkPath from module build.gradle is not set
[        ] C/C++: ndk.dir in local.properties is not set
[        ] C/C++: Not considering ANDROID_NDK_HOME because support was removed after deprecation period.
[        ] C/C++: sdkFolder is C:\Users\manus\AppData\Local\Android\sdk
[        ] C/C++: android.ndkVersion from module build.gradle is [27.0.12077973]
[        ] C/C++: android.ndkPath from module build.gradle is not set
[        ] C/C++: ndk.dir in local.properties is not set
[        ] C/C++: Not considering ANDROID_NDK_HOME because support was removed after deprecation period.
[        ] C/C++: sdkFolder is C:\Users\manus\AppData\Local\Android\sdk
[        ] C/C++: android.ndkVersion from module build.gradle is [27.0.12077973]
[        ] C/C++: android.ndkPath from module build.gradle is not set
[        ] C/C++: ndk.dir in local.properties is not set
[        ] C/C++: Not considering ANDROID_NDK_HOME because support was removed after deprecation period.
[        ] C/C++: sdkFolder is C:\Users\manus\AppData\Local\Android\sdk
[        ] C/C++: android.ndkVersion from module build.gradle is [27.0.12077973]
[        ] C/C++: android.ndkPath from module build.gradle is not set
[        ] C/C++: ndk.dir in local.properties is not set
[        ] C/C++: Not considering ANDROID_NDK_HOME because support was removed after deprecation period.
[        ] C/C++: sdkFolder is C:\Users\manus\AppData\Local\Android\sdk
[        ] C/C++: android.ndkVersion from module build.gradle is [27.0.12077973]
[        ] C/C++: android.ndkPath from module build.gradle is not set
[        ] C/C++: ndk.dir in local.properties is not set
[        ] C/C++: Not considering ANDROID_NDK_HOME because support was removed after deprecation period.
[        ] C/C++: sdkFolder is C:\Users\manus\AppData\Local\Android\sdk
[        ] C/C++: android.ndkVersion from module build.gradle is [27.0.12077973]
[        ] C/C++: android.ndkPath from module build.gradle is not set
[        ] C/C++: ndk.dir in local.properties is not set
[        ] C/C++: Not considering ANDROID_NDK_HOME because support was removed after deprecation period.
[        ] C/C++: sdkFolder is C:\Users\manus\AppData\Local\Android\sdk
[ +652 ms] > Configure project :cloud_firestore
[        ] Evaluating project ':cloud_firestore' using build file 'C:\Users\manus\AppData\Local\Pub\Cache\hosted\pub.dev\cloud_firestore-5.6.10\android\build.gradle'.
[        ] Using default execution profile
[  +98 ms] > Configure project :firebase_auth
[        ] Evaluating project ':firebase_auth' using build file 'C:\Users\manus\AppData\Local\Pub\Cache\hosted\pub.dev\firebase_auth-5.6.0\android\build.gradle'.
[        ] Using default execution profile
[ +298 ms] > Configure project :firebase_core
[        ] Evaluating project ':firebase_core' using build file 'C:\Users\manus\AppData\Local\Pub\Cache\hosted\pub.dev\firebase_core-3.15.0\android\build.gradle'.
[        ] Using default execution profile
[ +499 ms] > Configure project :path_provider_android
[        ] Evaluating project ':path_provider_android' using build file 'C:\Users\manus\AppData\Local\Pub\Cache\hosted\pub.dev\path_provider_android-2.2.17\android\build.gradle'.
[        ] Using default execution profile
[        ] All projects evaluated.
[  +98 ms] Task name matched 'assembleRelease'
[        ] Selected primary task 'assembleRelease' from project :
[ +800 ms] WARNING: We recommend using a newer Android Gradle plugin to use compileSdk = 36
[   +1 ms] This Android Gradle plugin (8.7.3) was tested up to compileSdk = 35.
[   +3 ms] You are strongly encouraged to update your project to use a newer
[   +1 ms] Android Gradle plugin that has been tested with compileSdk = 36.
[        ] If you are already using the latest version of the Android Gradle plugin,
[        ] you may need to wait until a newer version with support for compileSdk = 36 is available.
[        ] For more information refer to the compatibility table:
[        ] https://d.android.com/r/tools/api-level-support
[        ] To suppress this warning, add/update
[   +1 ms]     android.suppressUnsupportedCompileSdk=36
[        ] to this project's gradle.properties.
[ +887 ms] WARNING: We recommend using a newer Android Gradle plugin to use compileSdk = 36
[        ] This Android Gradle plugin (8.7.3) was tested up to compileSdk = 35.
[        ] You are strongly encouraged to update your project to use a newer
[        ] Android Gradle plugin that has been tested with compileSdk = 36.
[        ] If you are already using the latest version of the Android Gradle plugin,
[        ] you may need to wait until a newer version with support for compileSdk = 36 is available.
[        ] For more information refer to the compatibility table:
[        ] https://d.android.com/r/tools/api-level-support
[        ] To suppress this warning, add/update
[        ]     android.suppressUnsupportedCompileSdk=36
[        ] to this project's gradle.properties.
[+4300 ms] Tasks to be executed: [task ':app:ReleaseMinSdkCheck', task ':app:buildKotlinToolingMetadata', task ':app:checkKotlinGradlePluginConfigurationErrors', task ':app:compileFlutterBuildRelease', task ':app:packJniLibsflutterBuildRelease', task ':app:preBuild', task ':app:preReleaseBuild', task ':cloud_firestore:preBuild', task ':cloud_firestore:preReleaseBuild', task ':cloud_firestore:writeReleaseAarMetadata', task ':firebase_auth:preBuild', task ':firebase_auth:preReleaseBuild', task ':firebase_auth:writeReleaseAarMetadata', task ':firebase_core:preBuild', task ':firebase_core:preReleaseBuild', task ':firebase_core:writeReleaseAarMetadata', task ':path_provider_android:preBuild', task ':path_provider_android:preReleaseBuild', task ':path_provider_android:writeReleaseAarMetadata', task ':app:checkReleaseAarMetadata', task ':app:cleanMergeReleaseAssets', task ':app:mergeReleaseShaders', task ':app:compileReleaseShaders', task ':app:generateReleaseAssets', task ':cloud_firestore:mergeReleaseShaders', task ':cloud_firestore:compileReleaseShaders', task ':cloud_firestore:generateReleaseAssets', task ':cloud_firestore:packageReleaseAssets', task ':firebase_auth:mergeReleaseShaders', task ':firebase_auth:compileReleaseShaders', task ':firebase_auth:generateReleaseAssets', task ':firebase_auth:packageReleaseAssets', task ':firebase_core:mergeReleaseShaders', task ':firebase_core:compileReleaseShaders', task ':firebase_core:generateReleaseAssets', task ':firebase_core:packageReleaseAssets', task ':path_provider_android:mergeReleaseShaders', task ':path_provider_android:compileReleaseShaders', task ':path_provider_android:generateReleaseAssets', task ':path_provider_android:packageReleaseAssets', task ':app:mergeReleaseAssets', task ':app:copyFlutterAssetsRelease', task ':app:generateReleaseResValues', task ':app:processReleaseGoogleServices', task ':cloud_firestore:generateReleaseResValues', task ':cloud_firestore:generateReleaseResources', task ':cloud_firestore:packageReleaseResources', task ':firebase_auth:generateReleaseResValues', task ':firebase_auth:generateReleaseResources', task ':firebase_auth:packageReleaseResources', task ':firebase_core:generateReleaseResValues', task ':firebase_core:generateReleaseResources', task ':firebase_core:packageReleaseResources', task ':path_provider_android:generateReleaseResValues', task ':path_provider_android:generateReleaseResources', task ':path_provider_android:packageReleaseResources', task ':app:mapReleaseSourceSetPaths', task ':app:generateReleaseResources', task ':app:mergeReleaseResources', task ':app:packageReleaseResources', task ':app:parseReleaseLocalResources', task ':app:createReleaseCompatibleScreenManifests', task ':app:extractDeepLinksRelease', task ':cloud_firestore:extractDeepLinksRelease', task ':cloud_firestore:processReleaseManifest', task ':firebase_auth:extractDeepLinksRelease', task ':firebase_auth:processReleaseManifest', task ':firebase_core:extractDeepLinksRelease', task ':firebase_core:processReleaseManifest', task ':path_provider_android:extractDeepLinksRelease', task ':path_provider_android:processReleaseManifest', task ':app:processReleaseMainManifest', task ':app:outputReleaseAppLinkSettings', task ':app:processReleaseManifest', task ':app:processReleaseManifestForPackage', task ':cloud_firestore:parseReleaseLocalResources', task ':cloud_firestore:generateReleaseRFile', task ':firebase_auth:parseReleaseLocalResources', task ':firebase_auth:generateReleaseRFile', task ':firebase_core:parseReleaseLocalResources', task ':firebase_core:generateReleaseRFile', task ':path_provider_android:parseReleaseLocalResources', task ':path_provider_android:generateReleaseRFile', task ':app:processReleaseResources', task ':cloud_firestore:generateReleaseBuildConfig', task ':cloud_firestore:javaPreCompileRelease', task ':firebase_core:generateReleaseBuildConfig', task ':firebase_core:javaPreCompileRelease', task ':firebase_core:compileReleaseJavaWithJavac', task ':firebase_core:bundleLibCompileToJarRelease', task ':cloud_firestore:compileReleaseJavaWithJavac', task ':cloud_firestore:bundleLibCompileToJarRelease', task ':firebase_auth:generateReleaseBuildConfig', task ':firebase_auth:javaPreCompileRelease', task ':firebase_auth:compileReleaseJavaWithJavac', task ':firebase_auth:bundleLibCompileToJarRelease', task ':path_provider_android:javaPreCompileRelease', task ':path_provider_android:compileReleaseJavaWithJavac', task ':path_provider_android:bundleLibCompileToJarRelease', task ':app:compileReleaseKotlin', task ':app:javaPreCompileRelease', task ':app:compileReleaseJavaWithJavac', task ':app:extractProguardFiles', task ':cloud_firestore:bundleLibRuntimeToJarRelease', task ':cloud_firestore:processReleaseJavaRes', task ':cloud_firestore:createFullJarRelease', task ':cloud_firestore:extractProguardFiles', task ':firebase_core:bundleLibRuntimeToJarRelease', task ':firebase_core:processReleaseJavaRes', task ':firebase_core:createFullJarRelease', task ':firebase_core:extractProguardFiles', task ':firebase_core:generateReleaseLintModel', task ':firebase_core:prepareLintJarForPublish', task ':cloud_firestore:generateReleaseLintModel', task ':cloud_firestore:prepareLintJarForPublish', task ':firebase_auth:bundleLibRuntimeToJarRelease', task ':firebase_auth:processReleaseJavaRes', task ':firebase_auth:createFullJarRelease', task ':firebase_auth:extractProguardFiles', task ':firebase_auth:generateReleaseLintModel', task ':firebase_auth:prepareLintJarForPublish', task ':path_provider_android:bundleLibRuntimeToJarRelease', task ':path_provider_android:processReleaseJavaRes', task ':path_provider_android:createFullJarRelease', task ':path_provider_android:extractProguardFiles', task ':path_provider_android:generateReleaseLintModel', task ':path_provider_android:prepareLintJarForPublish', task ':app:generateReleaseLintVitalReportModel', task ':cloud_firestore:mergeReleaseJniLibFolders', task ':cloud_firestore:mergeReleaseNativeLibs', task ':cloud_firestore:stripReleaseDebugSymbols', task ':cloud_firestore:copyReleaseJniLibsProjectAndLocalJars', task ':cloud_firestore:extractDeepLinksForAarRelease', task ':cloud_firestore:extractReleaseAnnotations', task ':cloud_firestore:mergeReleaseGeneratedProguardFiles', task ':cloud_firestore:mergeReleaseConsumerProguardFiles', task ':cloud_firestore:prepareReleaseArtProfile', task ':cloud_firestore:mergeReleaseJavaResource', task ':cloud_firestore:syncReleaseLibJars', task ':cloud_firestore:bundleReleaseLocalLintAar', task ':firebase_auth:mergeReleaseJniLibFolders', task ':firebase_auth:mergeReleaseNativeLibs', task ':firebase_auth:stripReleaseDebugSymbols', task ':firebase_auth:copyReleaseJniLibsProjectAndLocalJars', task ':firebase_auth:extractDeepLinksForAarRelease', task ':firebase_auth:extractReleaseAnnotations', task ':firebase_auth:mergeReleaseGeneratedProguardFiles', task ':firebase_auth:mergeReleaseConsumerProguardFiles', task ':firebase_auth:prepareReleaseArtProfile', task ':firebase_auth:mergeReleaseJavaResource', task ':firebase_auth:syncReleaseLibJars', task ':firebase_auth:bundleReleaseLocalLintAar', task ':firebase_core:mergeReleaseJniLibFolders', task ':firebase_core:mergeReleaseNativeLibs', task ':firebase_core:stripReleaseDebugSymbols', task ':firebase_core:copyReleaseJniLibsProjectAndLocalJars', task ':firebase_core:extractDeepLinksForAarRelease', task ':firebase_core:extractReleaseAnnotations', task ':firebase_core:mergeReleaseGeneratedProguardFiles', task ':firebase_core:mergeReleaseConsumerProguardFiles', task ':firebase_core:prepareReleaseArtProfile', task ':firebase_core:mergeReleaseJavaResource', task ':firebase_core:syncReleaseLibJars', task ':firebase_core:bundleReleaseLocalLintAar', task ':path_provider_android:mergeReleaseJniLibFolders', task ':path_provider_android:mergeReleaseNativeLibs', task ':path_provider_android:stripReleaseDebugSymbols', task ':path_provider_android:copyReleaseJniLibsProjectAndLocalJars', task ':path_provider_android:extractDeepLinksForAarRelease', task ':path_provider_android:extractReleaseAnnotations', task ':path_provider_android:mergeReleaseGeneratedProguardFiles', task ':path_provider_android:mergeReleaseConsumerProguardFiles', task ':path_provider_android:prepareReleaseArtProfile', task ':path_provider_android:mergeReleaseJavaResource', task ':path_provider_android:syncReleaseLibJars', task ':path_provider_android:bundleReleaseLocalLintAar', task ':firebase_core:writeReleaseLintModelMetadata', task ':cloud_firestore:lintVitalAnalyzeRelease', task ':cloud_firestore:writeReleaseLintModelMetadata', task ':firebase_auth:lintVitalAnalyzeRelease', task ':firebase_auth:writeReleaseLintModelMetadata', task ':firebase_core:lintVitalAnalyzeRelease', task ':path_provider_android:lintVitalAnalyzeRelease', task ':path_provider_android:writeReleaseLintModelMetadata', task ':app:lintVitalAnalyzeRelease', task ':cloud_firestore:generateReleaseLintVitalModel', task ':firebase_auth:generateReleaseLintVitalModel', task ':firebase_core:generateReleaseLintVitalModel', task ':path_provider_android:generateReleaseLintVitalModel', task ':app:lintVitalReportRelease', task ':app:lintVitalRelease', task ':app:configureCMakeRelease[arm64-v8a]', task ':app:buildCMakeRelease[arm64-v8a]', task ':app:configureCMakeRelease[armeabi-v7a]', task ':app:buildCMakeRelease[armeabi-v7a]', task ':app:configureCMakeRelease[x86_64]', task ':app:buildCMakeRelease[x86_64]', task ':app:mergeReleaseJniLibFolders', task ':cloud_firestore:copyReleaseJniLibsProjectOnly', task ':firebase_auth:copyReleaseJniLibsProjectOnly', task ':firebase_core:copyReleaseJniLibsProjectOnly', task ':path_provider_android:copyReleaseJniLibsProjectOnly', task ':app:mergeReleaseNativeLibs', task ':app:stripReleaseDebugSymbols', task ':app:extractReleaseNativeSymbolTables', task ':app:mergeReleaseNativeDebugMetadata', task ':cloud_firestore:exportReleaseConsumerProguardFiles', task ':firebase_auth:exportReleaseConsumerProguardFiles', task ':firebase_core:exportReleaseConsumerProguardFiles', task ':path_provider_android:exportReleaseConsumerProguardFiles', task ':app:checkReleaseDuplicateClasses', task ':app:mergeReleaseArtProfile', task ':app:expandReleaseArtProfileWildcards', task ':app:mergeReleaseGeneratedProguardFiles', task ':app:processReleaseJavaRes', task ':app:mergeReleaseJavaResource', task ':app:mergeReleaseStartupProfile', task ':app:minifyReleaseWithR8', task ':app:compileReleaseArtProfile', task ':app:compressReleaseAssets', task ':app:extractReleaseVersionControlInfo', task ':app:convertLinkedResourcesToProtoRelease', task ':app:shrinkReleaseRes', task ':app:convertShrunkResourcesToBinaryRelease', task ':app:optimizeReleaseResources', task ':app:collectReleaseDependencies', task ':app:sdkReleaseDependencyData', task ':app:validateSigningRelease', task ':app:writeReleaseAppMetadata', task ':app:writeReleaseSigningConfigVersions', task ':app:packageRelease', task ':app:createReleaseApkListingFileRedirect', task ':app:assembleRelease', task ':cloud_firestore:bundleReleaseAar', task ':cloud_firestore:mapReleaseSourceSetPaths', task ':cloud_firestore:mergeReleaseResources', task ':firebase_core:compileReleaseLibraryResources', task ':cloud_firestore:verifyReleaseResources', task ':cloud_firestore:assembleRelease', task ':firebase_auth:bundleReleaseAar', task ':firebase_auth:mapReleaseSourceSetPaths', task ':firebase_auth:mergeReleaseResources', task ':firebase_auth:verifyReleaseResources', task ':firebase_auth:assembleRelease', task ':firebase_core:bundleReleaseAar', task ':firebase_core:mapReleaseSourceSetPaths', task ':firebase_core:mergeReleaseResources', task ':firebase_core:verifyReleaseResources', task ':firebase_core:assembleRelease', task ':path_provider_android:bundleReleaseAar', task ':path_provider_android:mapReleaseSourceSetPaths', task ':path_provider_android:mergeReleaseResources', task ':path_provider_android:verifyReleaseResources', task ':path_provider_android:assembleRelease']
[   +2 ms] Tasks that were excluded: []
[ +193 ms] work action Parameters of ExtractAarTransform (Thread[#962,Execution worker Thread 9,5,main]) started.
[  +99 ms] work action Parameters of ExtractAarTransform (Thread[#962,Execution worker Thread 9,5,main]) started.
[        ] work action Parameters of ExtractAarTransform (Thread[#962,Execution worker Thread 9,5,main]) started.
[        ] work action Parameters of FilterShrinkerRulesTransform (Thread[#962,Execution worker Thread 9,5,main]) started.
[  +98 ms] Resolve mutations for :app:ReleaseMinSdkCheck (Thread[#962,Execution worker Thread 9,5,main]) started.
[        ] :app:ReleaseMinSdkCheck (Thread[#962,Execution worker Thread 9,5,main]) started.
[ +101 ms] > Task :app:ReleaseMinSdkCheck
[   +1 ms] Caching disabled for task ':app:ReleaseMinSdkCheck' because:
[        ]   Build cache is disabled
[        ] Task ':app:ReleaseMinSdkCheck' is not up-to-date because:
[        ]   Task has not declared any outputs despite executing actions.
[        ] Resolve mutations for :app:buildKotlinToolingMetadata (Thread[#962,Execution worker Thread 9,5,main]) started.
[        ] :app:buildKotlinToolingMetadata (Thread[#962,Execution worker Thread 9,5,main]) started.
[ +495 ms] > Task :app:buildKotlinToolingMetadata
[        ] Caching disabled for task ':app:buildKotlinToolingMetadata' because:
[        ]   Build cache is disabled
[        ]   Caching has been disabled for the task
[        ] Task ':app:buildKotlinToolingMetadata' is not up-to-date because:
[        ]   Output property 'outputDirectory' file C:\Users\manus\OneDrive\Documents\Codes\Projects\Chatapp\chatterUP\build\app\kotlinToolingMetadata has been removed.
[        ]   Output property 'outputDirectory' file C:\Users\manus\OneDrive\Documents\Codes\Projects\Chatapp\chatterUP\build\app\kotlinToolingMetadata\kotlin-tooling-metadata.json has been removed.
[        ] Resolve mutations for :app:checkKotlinGradlePluginConfigurationErrors (Thread[#962,Execution worker Thread 9,5,main]) started.
[        ] :app:checkKotlinGradlePluginConfigurationErrors (Thread[#962,Execution worker Thread 9,5,main]) started.
[        ] > Task :app:checkKotlinGradlePluginConfigurationErrors SKIPPED
[        ] Skipping task ':app:checkKotlinGradlePluginConfigurationErrors' as task onlyIf 'errorDiagnostics are present' is false.
[        ] Resolve mutations for :app:compileFlutterBuildRelease (Thread[#962,Execution worker Thread 9,5,main]) started.
[        ] :app:compileFlutterBuildRelease (Thread[#962,Execution worker Thread 9,5,main]) started.
[+2000 ms] > Task :app:compileFlutterBuildRelease
[        ] Caching disabled for task ':app:compileFlutterBuildRelease' because:
[        ]   Build cache is disabled
[        ]   Caching has not been enabled for the task
[        ] Task ':app:compileFlutterBuildRelease' is not up-to-date because:
[        ]   Value of input property 'verbose' has changed for task ':app:compileFlutterBuildRelease'
[        ] Starting process 'command 'C:\flutter\bin\flutter.bat''. Working directory: C:\Users\manus\OneDrive\Documents\Codes\Projects\Chatapp\chatterUP Command: C:\flutter\bin\flutter.bat --verbose assemble --no-version-check --depfile C:\Users\manus\OneDrive\Documents\Codes\Projects\Chatapp\chatterUP\build\app\intermediates\flutter\release/flutter_build.d --output C:\Users\manus\OneDrive\Documents\Codes\Projects\Chatapp\chatterUP\build\app\intermediates\flutter\release -dTargetFile=lib\main.dart -dTargetPlatform=android -dBuildMode=release -dTrackWidgetCreation=true -dTreeShakeIcons=true --DartDefines=RkxVVFRFUl9WRVJTSU9OPTMuNDEuNA==,RkxVVFRFUl9DSEFOTkVMPXN0YWJsZQ==,RkxVVFRFUl9HSVRfVVJMPWh0dHBzOi8vZ2l0aHViLmNvbS9mbHV0dGVyL2ZsdXR0ZXIuZ2l0,RkxVVFRFUl9GUkFNRVdPUktfUkVWSVNJT049ZmYzN2JlZjYwMw==,RkxVVFRFUl9FTkdJTkVfUkVWSVNJT049ZTRiOGRjYTNmMQ==,RkxVVFRFUl9EQVJUX1ZFUlNJT049My4xMS4x -dFlavor= -dAndroidArchs=android-arm android-arm64 android-x64 -dMinSdkVersion=24 android_aot_bundle_release_android-arm android_aot_bundle_release_android-arm64 android_aot_bundle_release_android-x64
[        ] Successfully started process 'command 'C:\flutter\bin\flutter.bat''
[ +694 ms] [ +494 ms] Artifact Instance of 'MaterialFonts' is not required, skipping update.
[        ] [   +1 ms] Artifact Instance of 'GradleWrapper' is not required, skipping update.
[        ] [        ] Artifact Instance of 'AndroidGenSnapshotArtifacts' is not required, skipping update.
[        ] [        ] Artifact Instance of 'AndroidInternalBuildArtifacts' is not required, skipping update.
[        ] [        ] Artifact Instance of 'IOSEngineArtifacts' is not required, skipping update.
[        ] [        ] Artifact Instance of 'FlutterWebSdk' is not required, skipping update.
[        ] [        ] Artifact Instance of 'LegacyCanvasKitRemover' is not required, skipping update.
[        ] [        ] Artifact Instance of 'FlutterSdk' is not required, skipping update.
[        ] [        ] Artifact Instance of 'WindowsEngineArtifacts' is not required, skipping update.
[        ] [        ] Artifact Instance of 'MacOSEngineArtifacts' is not required, skipping update.
[        ] [        ] Artifact Instance of 'LinuxEngineArtifacts' is not required, skipping update.
[        ] [        ] Artifact Instance of 'LinuxFuchsiaSDKArtifacts' is not required, skipping update.
[        ] [        ] Artifact Instance of 'MacOSFuchsiaSDKArtifacts' is not required, skipping update.
[        ] [        ] Artifact Instance of 'FlutterRunnerSDKArtifacts' is not required, skipping update.
[        ] [        ] Artifact Instance of 'FlutterRunnerDebugSymbols' is not required, skipping update.
[        ] [        ] Artifact Instance of 'IosUsbArtifacts' is not required, skipping update.
[        ] [        ] Artifact Instance of 'IosUsbArtifacts' is not required, skipping update.
[        ] [        ] Artifact Instance of 'IosUsbArtifacts' is not required, skipping update.
[        ] [        ] Artifact Instance of 'IosUsbArtifacts' is not required, skipping update.
[        ] [   +1 ms] Artifact Instance of 'IosUsbArtifacts' is not required, skipping update.
[        ] [        ] Artifact Instance of 'IosUsbArtifacts' is not required, skipping update.
[        ] [        ] Artifact Instance of 'FontSubsetArtifacts' is not required, skipping update.
[        ] [        ] Artifact Instance of 'PubDependencies' is not required, skipping update.
[        ] [  +10 ms] Artifact Instance of 'AndroidGenSnapshotArtifacts' is not required, skipping update.
[        ] [        ] Artifact Instance of 'AndroidInternalBuildArtifacts' is not required, skipping update.
[        ] [        ] Artifact Instance of 'IOSEngineArtifacts' is not required, skipping update.
[        ] [        ] Artifact Instance of 'FlutterWebSdk' is not required, skipping update.
[        ] [        ] Artifact Instance of 'FlutterEngineStamp' is not required, skipping update.
[        ] [        ] Artifact Instance of 'LegacyCanvasKitRemover' is not required, skipping update.
[        ] [   +4 ms] Artifact Instance of 'WindowsEngineArtifacts' is not required, skipping update.
[        ] [        ] Artifact Instance of 'MacOSEngineArtifacts' is not required, skipping update.
[        ] [        ] Artifact Instance of 'LinuxEngineArtifacts' is not required, skipping update.
[        ] [        ] Artifact Instance of 'LinuxFuchsiaSDKArtifacts' is not required, skipping update.
[        ] [        ] Artifact Instance of 'MacOSFuchsiaSDKArtifacts' is not required, skipping update.
[        ] [        ] Artifact Instance of 'FlutterRunnerSDKArtifacts' is not required, skipping update.
[        ] [        ] Artifact Instance of 'FlutterRunnerDebugSymbols' is not required, skipping update.
[  +90 ms] [  +98 ms] Artifact Instance of 'MaterialFonts' is not required, skipping update.
[        ] [        ] Artifact Instance of 'GradleWrapper' is not required, skipping update.
[        ] [   +6 ms] Artifact Instance of 'AndroidInternalBuildArtifacts' is not required, skipping update.
[        ] [        ] Artifact Instance of 'IOSEngineArtifacts' is not required, skipping update.
[        ] [        ] Artifact Instance of 'FlutterWebSdk' is not required, skipping update.
[  +98 ms] [        ] Artifact Instance of 'FlutterEngineStamp' is not required, skipping update.
[        ] [        ] Artifact Instance of 'LegacyCanvasKitRemover' is not required, skipping update.
[        ] [        ] Artifact Instance of 'FlutterSdk' is not required, skipping update.
[        ] [        ] Artifact Instance of 'WindowsEngineArtifacts' is not required, skipping update.
[        ] [        ] Artifact Instance of 'MacOSEngineArtifacts' is not required, skipping update.
[        ] [        ] Artifact Instance of 'LinuxEngineArtifacts' is not required, skipping update.
[        ] [        ] Artifact Instance of 'LinuxFuchsiaSDKArtifacts' is not required, skipping update.
[        ] [        ] Artifact Instance of 'MacOSFuchsiaSDKArtifacts' is not required, skipping update.
[        ] [        ] Artifact Instance of 'FlutterRunnerSDKArtifacts' is not required, skipping update.
[        ] [        ] Artifact Instance of 'FlutterRunnerDebugSymbols' is not required, skipping update.
[        ] [        ] Artifact Instance of 'IosUsbArtifacts' is not required, skipping update.
[        ] [        ] Artifact Instance of 'IosUsbArtifacts' is not required, skipping update.
[        ] [        ] Artifact Instance of 'IosUsbArtifacts' is not required, skipping update.
[        ] [        ] Artifact Instance of 'IosUsbArtifacts' is not required, skipping update.
[        ] [        ] Artifact Instance of 'IosUsbArtifacts' is not required, skipping update.
[        ] [        ] Artifact Instance of 'IosUsbArtifacts' is not required, skipping update.
[        ] [        ] Artifact Instance of 'FontSubsetArtifacts' is not required, skipping update.
[        ] [        ] Artifact Instance of 'PubDependencies' is not required, skipping update.
[        ] [  +34 ms] Initializing file store
[        ] [  +52 ms] Skipping target: gen_localizations
[        ] [   +4 ms] gen_dart_plugin_registrant: Starting due to {InvalidatedReasonKind.outputSetAddition: The following outputs were added to the output set: C:\Users\manus\OneDrive\Documents\Codes\Projects\Chatapp\chatterUP\.dart_tool\flutter_build\dart_plugin_registrant.dart, InvalidatedReasonKind.inputChanged: The following inputs have updated contents: C:\Users\manus\OneDrive\Documents\Codes\Projects\Chatapp\chatterUP\.dart_tool\package_config.json}
[        ] [   +3 ms] dart_build: Starting due to {}
[ +194 ms] [ +124 ms] No packages with native assets. Skipping native assets compilation.
[        ] [   +4 ms] dart_build: Complete
[ +101 ms] [ +104 ms] install_code_assets: Starting due to {}
[        ] [   +4 ms] Writing native assets json to file:///C:/Users/manus/OneDrive/Documents/Codes/Projects/Chatapp/chatterUP/.dart_tool/flutter_build/e787d24c1cdb08f038405af55c1d84e0/native_assets.json.
[        ] [  +10 ms] Writing C:\Users\manus\OneDrive\Documents\Codes\Projects\Chatapp\chatterUP\.dart_tool\flutter_build\e787d24c1cdb08f038405af55c1d84e0\native_assets.json done.
[        ] [   +5 ms] install_code_assets: Complete
[        ] [  +21 ms] Found plugin path_provider at C:\Users\manus\AppData\Local\Pub\Cache\hosted\pub.dev\path_provider-2.1.5\
[        ] [   +5 ms] Found plugin path_provider_windows at C:\Users\manus\AppData\Local\Pub\Cache\hosted\pub.dev\path_provider_windows-2.3.0\
[        ] [  +10 ms] Found plugin path_provider_linux at C:\Users\manus\AppData\Local\Pub\Cache\hosted\pub.dev\path_provider_linux-2.2.1\
[        ] [   +5 ms] Found plugin path_provider_foundation at C:\Users\manus\AppData\Local\Pub\Cache\hosted\pub.dev\path_provider_foundation-2.4.1\
[        ] [   +3 ms] Found plugin path_provider_android at C:\Users\manus\AppData\Local\Pub\Cache\hosted\pub.dev\path_provider_android-2.2.17\
[        ] [   +7 ms] Found plugin firebase_core at C:\Users\manus\AppData\Local\Pub\Cache\hosted\pub.dev\firebase_core-3.15.0\
[        ] [   +4 ms] Found plugin firebase_core_web at C:\Users\manus\AppData\Local\Pub\Cache\hosted\pub.dev\firebase_core_web-2.24.0\
[  +96 ms] [   +7 ms] Found plugin firebase_auth at C:\Users\manus\AppData\Local\Pub\Cache\hosted\pub.dev\firebase_auth-5.6.0\
[        ] [  +44 ms] Found plugin firebase_auth_web at C:\Users\manus\AppData\Local\Pub\Cache\hosted\pub.dev\firebase_auth_web-5.15.0\
[        ] [   +9 ms] Found plugin cloud_firestore at C:\Users\manus\AppData\Local\Pub\Cache\hosted\pub.dev\cloud_firestore-5.6.10\
[        ] [   +2 ms] Found plugin cloud_firestore_web at C:\Users\manus\AppData\Local\Pub\Cache\hosted\pub.dev\cloud_firestore_web-4.4.10\
[        ] [  +19 ms] Skipping generating dart_plugin_registrant.dart because it is up-to-date.
[        ] [        ] gen_dart_plugin_registrant: Complete
[        ] [   +3 ms] kernel_snapshot_program: Starting due to {}
[        ] [  +10 ms] C:\flutter\bin\cache\dart-sdk\bin\dartaotruntime.exe C:\flutter\bin\cache\dart-sdk\bin\snapshots\frontend_server_aot.dart.snapshot --sdk-root C:\flutter\bin\cache\artifacts\engine\common\flutter_patched_sdk_product/ --target=flutter --no-print-incremental-dependencies -DFLUTTER_VERSION=3.41.4 -DFLUTTER_CHANNEL=stable -DFLUTTER_GIT_URL=https://github.com/flutter/flutter.git -DFLUTTER_FRAMEWORK_REVISION=ff37bef603 -DFLUTTER_ENGINE_REVISION=e4b8dca3f1 -DFLUTTER_DART_VERSION=3.11.1 -DFLUTTER_APP_FLAVOR= -Ddart.vm.profile=false -Ddart.vm.product=true --delete-tostring-package-uri=dart:ui --delete-tostring-package-uri=package:flutter --aot --tfa --target-os android --packages C:\Users\manus\OneDrive\Documents\Codes\Projects\Chatapp\chatterUP\.dart_tool\package_config.json --output-dill C:\Users\manus\OneDrive\Documents\Codes\Projects\Chatapp\chatterUP\.dart_tool\flutter_build\e787d24c1cdb08f038405af55c1d84e0\app.dill --depfile C:\Users\manus\OneDrive\Documents\Codes\Projects\Chatapp\chatterUP\.dart_tool\flutter_build\e787d24c1cdb08f038405af55c1d84e0\kernel_snapshot_program.d --source file:///C:/Users/manus/OneDrive/Documents/Codes/Projects/Chatapp/chatterUP/.dart_tool/flutter_build/dart_plugin_registrant.dart --source package:flutter/src/dart_plugin_registrant.dart -Dflutter.dart_plugin_registrant=file:///C:/Users/manus/OneDrive/Documents/Codes/Projects/Chatapp/chatterUP/.dart_tool/flutter_build/dart_plugin_registrant.dart --verbosity=error package:chatter_up/main.dart
